
Copyright (C) 1994-2020 Synopsys, Inc.
This Synopsys software and all associated documentation are proprietary to Synopsys, Inc.
and may only be used pursuant to the terms and conditions of a written license agreement
with Synopsys, Inc. All other use, reproduction, modification, or distribution of the
Synopsys software or the associated documentation is strictly prohibited.
Tool: Synplify Pro (R)
Build: P-2019.09G-Beta2
Install: /home/vagrant/gowin/SynplifyPro
OS: Ubuntu 19.04
Hostname: vagrant
max virtual memory: unlimited (bytes)
max user processes: 3744
max stack size: 8388608 (bytes)


Implementation : rev_1
Synopsys HDL compiler and linker, Version comp2019q3p1, Build 210R, Built Jan  7 2020 09:30:25

Modified Files: 1
FID:  path (prevtimestamp, timestamp)
5        /home/vagrant/workspace/verilogLeson/blink002/src/blink.v (2020-06-14 17:47:53, 2020-06-14 18:19:36)

*******************************************************************
Modules that may have changed as a result of file changes: 1
MID:  lib.cell.view
5        work.FourDigitLedController.verilog may have changed because the following files changed:
                        /home/vagrant/workspace/verilogLeson/blink002/src/blink.v (2020-06-14 17:47:53, 2020-06-14 18:19:36) <-- (module definition)

*******************************************************************
Unmodified files: 5
FID:  path (timestamp)
0        /home/vagrant/gowin/SynplifyPro/lib/generic/gw1n.v (2020-01-10 11:23:35)
1        /home/vagrant/gowin/SynplifyPro/lib/vlog/hypermods.v (2020-01-10 11:23:38)
2        /home/vagrant/gowin/SynplifyPro/lib/vlog/scemi_objects.v (2020-01-10 11:23:38)
3        /home/vagrant/gowin/SynplifyPro/lib/vlog/scemi_pipes.svh (2020-01-10 11:23:38)
4        /home/vagrant/gowin/SynplifyPro/lib/vlog/umr_capim.v (2020-01-10 11:23:38)

*******************************************************************
Unchanged modules: 0
MID:  lib.cell.view
